../Core/Src/ModbusRTU.c:24:6:modbus_1t5_Timeout	16	static
../Core/Src/ModbusRTU.c:30:6:modbus_3t5_Timeout	16	static
../Core/Src/ModbusRTU.c:35:6:modbus_UART_Recived	16	static
../Core/Src/ModbusRTU.c:51:6:Modbus_init	16	static
../Core/Src/ModbusRTU.c:118:16:CRC16	24	static
../Core/Src/ModbusRTU.c:136:6:Modbus_Protocal_Worker	16	static
../Core/Src/ModbusRTU.c:247:6:modbusWrite1Register	16	static
../Core/Src/ModbusRTU.c:276:6:modbusRead1Register	24	static
../Core/Src/ModbusRTU.c:312:6:ModbusErrorReply	16	static
../Core/Src/ModbusRTU.c:319:6:Modbus_frame_response	8	static
../Core/Src/ModbusRTU.c:336:6:Modbus_Emission	16	static
